Method,1,2,3,4,5,6,7,8,9,10
MaSIF,0.51877014470809,0.5859799948248781,0.5049061892925927,0.4598493899761763,0.5863954716083737,0.6908501283267675,0.50140992756025,0.5869642122346751,0.5879531481774641,0.5523416732851848
